Running experiment: E-Seg
Arguments:
Namespace(debug=True, config_file='segmentation/config/E-Seg.txt', exp_name='E-Seg', output_dir=None, device=['cuda:0'], dtype='float32', seed=422, load_checkpoint=None, num_epochs=70, batch_size=100, lr=0.005, weight_decay=0.0, optimizer='Adam', use_lr_scheduler=True, lr_scheduler_step=50, lr_scheduler_gamma=0.1, batch_size_test=512, model='E-Seg', enc_layers=4, dec_layers=4, initial_filters=64, learn_K=False, embed_K=1.0, enc_K=1.0, dec_K=1.0, dataset='VOC')
Loading dataset...
Creating model...
[Debug] Loading smp.Unet instead of your model choice
-> Number of model params: 14331109 (trainable: 14331109)
Creating optimizer...
Training...
0it [00:00, ?it/s]0it [00:00, ?it/s]
/opt/conda/lib/python3.11/site-packages/torch/nn/modules/module.py:1739: UserWarning: Implicit dimension choice for softmax has been deprecated. Change the call to include dim=X as an argument.
  return self._call_impl(*args, **kwargs)
Traceback (most recent call last):
  File "/root/Projects/HyperbolicCV/code/segmentation/train.py", line 275, in <module>
    main(args)
  File "/root/Projects/HyperbolicCV/code/segmentation/train.py", line 182, in main
    metrics_dict_val = evaluate(model, val_loader, out_dim, device, enable_debug=args.debug)
                       ^^^^^^^^^^^^^^^^^^^^^^^^^^^^^^^^^^^^^^^^^^^^^^^^^^^^^^^^^^^^^^^^^^^^^
  File "/opt/conda/lib/python3.11/site-packages/torch/utils/_contextlib.py", line 116, in decorate_context
    return func(*args, **kwargs)
           ^^^^^^^^^^^^^^^^^^^^^
  File "/root/Projects/HyperbolicCV/code/segmentation/train.py", line 244, in evaluate
    total_iou += compute_iou(y_hat, y.squeeze(1))
                 ^^^^^^^^^^^^^^^^^^^^^^^^^^^^^^^^
  File "/opt/conda/lib/python3.11/site-packages/torch/nn/modules/module.py", line 1739, in _wrapped_call_impl
    return self._call_impl(*args, **kwargs)
           ^^^^^^^^^^^^^^^^^^^^^^^^^^^^^^^^
  File "/opt/conda/lib/python3.11/site-packages/torch/nn/modules/module.py", line 1750, in _call_impl
    return forward_call(*args, **kwargs)
           ^^^^^^^^^^^^^^^^^^^^^^^^^^^^^
  File "/opt/conda/lib/python3.11/site-packages/segmentation_models_pytorch/utils/metrics.py", line 20, in forward
    return F.iou(
           ^^^^^^
  File "/opt/conda/lib/python3.11/site-packages/segmentation_models_pytorch/utils/functional.py", line 41, in iou
    intersection = torch.sum(gt * pr)
                             ~~~^~~~
RuntimeError: The size of tensor a (512) must match the size of tensor b (21) at non-singleton dimension 1
